


ARM Macro Assembler    Page 1 


    1 00000000                 THUMB                        ; Marks the THUMB m
                                                            ode of operation
    2 00000000 00000100 
                       StackSize
                               EQU              0x00000100  ; Define stack size
                                                             of 256 bytes
    3 00000000                 AREA             STACK, NOINIT, READWRITE, ALIGN
=3
    4 00000000         MyStackMem
                               SPACE            StackSize
    5 00000100         
    6 00000100                 AREA             RESET, READONLY
    7 00000000                 EXPORT           __Vectors
    8 00000000         __Vectors
    9 00000000 00000100        DCD              MyStackMem + StackSize ; stack 
                                                            pointer for empty s
                                                            tack: 0x2000.0100
   10 00000004 00000000        DCD              Reset_Handler ; reset vector 0x
                                                            0000.0008-0009
   11 00000008         
   12 00000008                 AREA             MYCODE, CODE, READONLY
   13 00000000                 ENTRY
   14 00000000                 EXPORT           Reset_Handler
   15 00000000         
   16 00000000         Reset_Handler
   17 00000000 F04F 0000       MOV              R0, #0      ; Initialize R0 to 
                                                            immediate value of 
                                                            0
   18 00000004 F04F 0102       MOV              R1, #2      ; Initialize R1 to 
                                                            the immediate value
                                                             of 2
   19 00000008 F04F 0205       MOV              R2, #5      ; Initialize R2/cou
                                                            nter to the immedia
                                                            te value of 5
   20 0000000C         
   21 0000000C         lbegin
   22 0000000C B12A            CBZ              R2, lend    ; Branch to lend if
                                                             R2 = 0
   23 0000000E 4408            ADD              R0, R1      ; Add R1 to R0
   24 00000010 F101 0102       ADD              R1, #2      ; Increment R1 by #
                                                            2
   25 00000014 F1A2 0201       SUB              R2, #1      ; Decrement R2/coun
                                                            ter by #1
   26 00000018 E7F8            B                lbegin      ; Unconditionally b
                                                            ranch to lbegin 
   27 0000001A         lend
   28 0000001A E7FE            B                lend        ; Unconditionally b
                                                            ranch to lend
   29 0000001C                 END
Command Line: --debug --xref --diag_suppress=9931 --cpu=Cortex-M4.fp --apcs=int
erwork --depend=.\objects\startup_tm4c123.d -o.\objects\startup_tm4c123.o -I.\R
TE\_Target_1 -I"C:\Program Files\Keil\ARM\PACK\ARM\CMSIS\5.9.0\CMSIS\Core\Inclu
de" -I"C:\Program Files\Keil\ARM\PACK\Keil\TM4C_DFP\1.1.0\Device\Include\TM4C12
3" --predefine="__EVAL SETA 1" --predefine="__UVISION_VERSION SETA 526" --prede
fine="_RTE_ SETA 1" --predefine="TM4C1233H6PM SETA 1" --list=.\listings\startup
_tm4c123.lst RTE\Device\TM4C1233H6PM\startup_TM4C123.s



ARM Macro Assembler    Page 1 Alphabetic symbol ordering
Relocatable symbols

MyStackMem 00000000

Symbol: MyStackMem
   Definitions
      At line 4 in file RTE\Device\TM4C1233H6PM\startup_TM4C123.s
   Uses
      At line 9 in file RTE\Device\TM4C1233H6PM\startup_TM4C123.s
Comment: MyStackMem used once
STACK 00000000

Symbol: STACK
   Definitions
      At line 3 in file RTE\Device\TM4C1233H6PM\startup_TM4C123.s
   Uses
      None
Comment: STACK unused
2 symbols



ARM Macro Assembler    Page 1 Alphabetic symbol ordering
Relocatable symbols

RESET 00000000

Symbol: RESET
   Definitions
      At line 6 in file RTE\Device\TM4C1233H6PM\startup_TM4C123.s
   Uses
      None
Comment: RESET unused
__Vectors 00000000

Symbol: __Vectors
   Definitions
      At line 8 in file RTE\Device\TM4C1233H6PM\startup_TM4C123.s
   Uses
      At line 7 in file RTE\Device\TM4C1233H6PM\startup_TM4C123.s
Comment: __Vectors used once
2 symbols



ARM Macro Assembler    Page 1 Alphabetic symbol ordering
Relocatable symbols

MYCODE 00000000

Symbol: MYCODE
   Definitions
      At line 12 in file RTE\Device\TM4C1233H6PM\startup_TM4C123.s
   Uses
      None
Comment: MYCODE unused
Reset_Handler 00000000

Symbol: Reset_Handler
   Definitions
      At line 16 in file RTE\Device\TM4C1233H6PM\startup_TM4C123.s
   Uses
      At line 10 in file RTE\Device\TM4C1233H6PM\startup_TM4C123.s
      At line 14 in file RTE\Device\TM4C1233H6PM\startup_TM4C123.s

lbegin 0000000C

Symbol: lbegin
   Definitions
      At line 21 in file RTE\Device\TM4C1233H6PM\startup_TM4C123.s
   Uses
      At line 26 in file RTE\Device\TM4C1233H6PM\startup_TM4C123.s
Comment: lbegin used once
lend 0000001A

Symbol: lend
   Definitions
      At line 27 in file RTE\Device\TM4C1233H6PM\startup_TM4C123.s
   Uses
      At line 22 in file RTE\Device\TM4C1233H6PM\startup_TM4C123.s
      At line 28 in file RTE\Device\TM4C1233H6PM\startup_TM4C123.s

4 symbols



ARM Macro Assembler    Page 1 Alphabetic symbol ordering
Absolute symbols

StackSize 00000100

Symbol: StackSize
   Definitions
      At line 2 in file RTE\Device\TM4C1233H6PM\startup_TM4C123.s
   Uses
      At line 4 in file RTE\Device\TM4C1233H6PM\startup_TM4C123.s
      At line 9 in file RTE\Device\TM4C1233H6PM\startup_TM4C123.s

1 symbol
344 symbols in table
